nftset=/4pda.ru/4#inet#fw4#vpn_domains
nftset=/4pda.to/4#inet#fw4#vpn_domains
nftset=/adobe.com/4#inet#fw4#vpn_domains
nftset=/adobe.io/4#inet#fw4#vpn_domains
nftset=/ads-twitter.com/4#inet#fw4#vpn_domains
nftset=/amazonaws.com/4#inet#fw4#vpn_domains
nftset=/bbc.com/4#inet#fw4#vpn_domains
nftset=/bing.com/4#inet#fw4#vpn_domains
nftset=/bitbucket.org/4#inet#fw4#vpn_domains
nftset=/chatgpt.com/4#inet#fw4#vpn_domains
nftset=/cisco.com/4#inet#fw4#vpn_domains
nftset=/citrix.com/4#inet#fw4#vpn_domains
nftset=/cloudflare-dns.com/4#inet#fw4#vpn_domains
nftset=/etsy.com/4#inet#fw4#vpn_domains
nftset=/euronews.com/4#inet#fw4#vpn_domains
nftset=/facebook.com/4#inet#fw4#vpn_domains
nftset=/facebook.net/4#inet#fw4#vpn_domains
nftset=/fb.com/4#inet#fw4#vpn_domains
nftset=/fbcdn.net/4#inet#fw4#vpn_domains
nftset=/fbsbx.com/4#inet#fw4#vpn_domains
nftset=/gitlab.com/4#inet#fw4#vpn_domains
nftset=/gitlab.io/4#inet#fw4#vpn_domains
nftset=/grafana.com/4#inet#fw4#vpn_domains
nftset=/hashicorp.com/4#inet#fw4#vpn_domains
nftset=/instagram.com/4#inet#fw4#vpn_domains
nftset=/intellij.net/4#inet#fw4#vpn_domains
nftset=/ipconfig.me/4#inet#fw4#vpn_domains
nftset=/kinozal.tv/4#inet#fw4#vpn_domains
nftset=/lenovo.com/4#inet#fw4#vpn_domains
nftset=/linkedin.com/4#inet#fw4#vpn_domains
nftset=/medium.com/4#inet#fw4#vpn_domains
nftset=/monoprice.com/4#inet#fw4#vpn_domains
nftset=/nordvpn.com/4#inet#fw4#vpn_domains
nftset=/paypal.com/4#inet#fw4#vpn_domains
nftset=/qualcomm.com/4#inet#fw4#vpn_domains
nftset=/soapui.org/4#inet#fw4#vpn_domains
nftset=/swagger.io/4#inet#fw4#vpn_domains
nftset=/terraform.io/4#inet#fw4#vpn_domains
nftset=/twitter.biz/4#inet#fw4#vpn_domains
nftset=/twitter.com/4#inet#fw4#vpn_domains
nftset=/twitter.jp/4#inet#fw4#vpn_domains
nftset=/walmart.com/4#inet#fw4#vpn_domains
nftset=/youtube.com/4#inet#fw4#vpn_domains
nftset=/youtubekids.com/4#inet#fw4#vpn_domains
